
[90m[26/07/2026 14:26:14.471][0m [0mAll systems initialised[0m
[90m[26/07/2026 14:26:14.474][0m [0mReady for launch in T minus 3... 2... 1...[0m
[90m[26/07/2026 14:26:14.474][0m [32mBOOM! Slackzilla is now online and ready to serve your commands[0m
[90m[26/07/2026 14:26:38.093][0m [0m[36mrylvion[0m[90m (U0A84FA2NP2)[0m used [33m/sz-hash[0m[0m
[90m[26/07/2026 14:26:38.095][0m [32m[36mrylvion[32m[90m (U0A84FA2NP2)[32m viewed [33m/sz-hash[32m help[0m
[90m[26/07/2026 14:27:05.619][0m [0m[36mrylvion[0m[90m (U0A84FA2NP2)[0m used [33m/sz-hash[0m[0m
[90m[26/07/2026 14:27:28.117][0m [0m[36mrylvion[0m[90m (U0A84FA2NP2)[0m used [33m/sz-hash[0m[0m

[36m ███████╗██╗      █████╗  ██████╗██╗  ██╗███████╗██╗██╗     ██╗      █████╗ [0m
[36m ██╔════╝██║     ██╔══██╗██╔════╝██║ ██╔╝╚══███╔╝██║██║     ██║     ██╔══██╗[0m
[36m ███████╗██║     ███████║██║     █████╔╝   ███╔╝ ██║██║     ██║     ███████║[0m
[36m ╚════██║██║     ██╔══██║██║     ██╔═██╗  ███╔╝  ██║██║     ██║     ██╔══██║[0m
[36m ███████║███████╗██║  ██║╚██████╗██║  ██╗███████╗██║███████╗███████╗██║  ██║[0m
[36m ╚══════╝╚══════╝╚═╝  ╚═╝ ╚═════╝╚═╝  ╚═╝╚══════╝╚═╝╚══════╝╚══════╝╚═╝  ╚═╝[0m

[90m================================================================================[0m
[36m Started [0m[90m:[0m [0m[27/07/2026 17:23:05.048]
[36m Version [0m[90m:[0m [0mbeta
[36m Node    [0m[90m:[0m [0mv24.15.0
[36m PID     [0m[90m:[0m [0m6040
[36m Platform[0m[90m:[0m [0mwin32 x64
[36m Host    [0m[90m:[0m [0mDESKTOP-DA71DF0
[90m================================================================================[0m

[90m[27/07/2026 17:23:05.052][0m [0mAll systems initialised[0m
[90m[27/07/2026 17:23:05.053][0m [0mReady for launch in T minus 3... 2... 1...[0m
[90m[27/07/2026 17:23:05.053][0m [32mBOOM! Slackzilla is now online and ready to serve your commands[0m
